// Jest Snapshot v1, https://goo.gl/fbAQLP

exports[` 1`] = `
<div
  className="mapInitialCenterOverlay "
>
  <button
    aria-label="Close"
    className="close"
    onClick={[Function]}
  >
    <span
      aria-hidden="true"
    >
      Ã—
    </span>
  </button>
  <p
    className="mapOverlayTitle"
  >
    Which area do you want to show ?
  </p>
  <p
    className="mapOverlaydescription"
  >
    If no suggestion is given, try a near match. You 'll be able to fine tune the map in the article editor.
  </p>
  <div
    className="mapLocation"
  >
    <div
      className="locationInput input-group mb-3"
    >
      <div
        className="input-group-prepend"
      >
        <span
          className="input-group-text"
          id="inputGroup-sizing-default"
        >
          Map's center
        </span>
      </div>
      <input
        aria-describedby="inputGroup-sizing-default"
        aria-label="Default"
        className="form-control mapLocationInput"
        draggable={true}
        id="mapLocationmenu"
        onChange={[Function]}
        onDragStart={[Function]}
        type="text"
        value=""
      />
    </div>
  </div>
</div>
`;
