// Jest Snapshot v1, https://goo.gl/fbAQLP

exports[` 1`] = `
<div
  className="photoInitialFileOverlay "
>
  <button
    aria-label="Close"
    className="close"
    onClick={[Function]}
  >
    <span
      aria-hidden="true"
    >
      Ã—
    </span>
  </button>
  <p
    className="mapOverlayTitle"
  >
    Select a photo on your disk
  </p>
  <div
    className="input-group mb-3"
  >
    <div
      className="custom-file"
    >
      <input
        accept="image/*"
        aria-describedby="inputGroupFileAddon01"
        className="custom-file-input"
        id="fileupload"
        multiple={false}
        onChange={[Function]}
        type="file"
      />
      <label
        className="custom-file-label"
        htmlFor="fileupload"
      >
        Click here to browse your files
      </label>
    </div>
  </div>
</div>
`;
