// Jest Snapshot v1, https://goo.gl/fbAQLP

exports[`PhotoCustomization tests renders component 1`] = `
<div
  className="photoCustomization "
  draggable={true}
  id="photoCustomization-8"
  onDragStart={[Function]}
>
  <div
    className="overflowContainer"
  >
    <button
      aria-label="Close"
      className="close"
      onClick={[Function]}
    >
      <span
        aria-hidden="true"
      >
        Ã—
      </span>
    </button>
    <h3>
      Photo Customization:
    </h3>
    <button
      className="btn btn-dark photoCustomizationBlock disableCrop"
      disabled={true}
      onClick={[Function]}
    >
      Crop
    </button>
    <div
      className="photoCustomizationBlock"
    >
      <input
        className="titleInput"
        onChange={[Function]}
        type="text"
        value="artificial-background-blue-1282170"
      />
      <button
        className="btn btn-dark"
        onClick={[Function]}
      >
        Save Photo Title
      </button>
    </div>
    <div
      className="distanceDisplayRadios photoCustomizationBlock"
    >
      <p>
        Display photo Title ?
      </p>
      <div
        className="form-check form-check-inline"
      >
        <input
          checked={false}
          className="form-check-input markerLogoInput"
          id="radio-true"
          name="inlineRadioOptions"
          onChange={[Function]}
          type="radio"
          value={true}
        />
        <label
          className="form-check-label"
          htmlFor="radio-true"
        >
          Yes
        </label>
      </div>
      <div
        className="form-check form-check-inline"
      >
        <input
          checked={false}
          className="form-check-input markerLogoInput"
          id="radio-false"
          name="inlineRadioOptions"
          onChange={[Function]}
          type="radio"
          value={false}
        />
        <label
          className="form-check-label"
          htmlFor="radio-false"
        >
          No
        </label>
      </div>
    </div>
  </div>
</div>
`;
