// Jest Snapshot v1, https://goo.gl/fbAQLP

exports[`PolylineCustomization tests renders component 1`] = `
<div
  className="polylineCustomization "
  id="polylineCustomization-2"
>
  <div
    className="overflowContainer"
  >
    <button
      aria-label="Close"
      className="close"
      onClick={[Function]}
    >
      <span
        aria-hidden="true"
      >
        Ã—
      </span>
    </button>
    <h3>
      Path Customization:
    </h3>
    <div
      className="distanceDisplayRadios mapCustomizationBlock"
    >
      <p>
        Display path length ?
      </p>
      <div
        className="form-check form-check-inline"
      >
        <input
          checked={false}
          className="form-check-input markerLogoInput"
          disabled={false}
          id="radio-true"
          name="inlineRadioOptions"
          onChange={[Function]}
          type="radio"
          value={true}
        />
        <label
          className="form-check-label"
          htmlFor="radio-true"
        >
          Yes
        </label>
      </div>
      <div
        className="form-check form-check-inline"
      >
        <input
          checked={false}
          className="form-check-input markerLogoInput"
          disabled={false}
          id="radio-false"
          name="inlineRadioOptions"
          onChange={[Function]}
          type="radio"
          value={false}
        />
        <label
          className="form-check-label"
          htmlFor="radio-false"
        >
          No
        </label>
      </div>
    </div>
    <button
      className="btn btn-dark mapCustomizationBlock startPath"
      disabled={false}
      onClick={[Function]}
    >
      Continue Path
    </button>
    <button
      className="btn btn-dark mapCustomizationBlock startPath"
      disabled={false}
      onClick={[Function]}
    >
      Delete a Point from Path
    </button>
    <button
      className="btn btn-dark"
      disabled={false}
      onClick={[Function]}
    >
      Delete Path
    </button>
  </div>
</div>
`;
